

MyZigzag.mq5 : information: compiling 'MyZigzag.mq5'
MyZigzag.mq5 : information: including ZigzagCalculator.mqh
ZigzagCalculator.mqh : information: including ZigzagExtremumPoint.mqh
MyZigzag.mq5 : information: including Graphics\InfoPanelManager.mqh
Graphics\InfoPanelManager.mqh : information: including GlobalInstances.mqh
GlobalInstances.mqh : information: including TradeAnalyzer.mqh
TradeAnalyzer.mqh : information: including ZigzagSegment.mqh
ZigzagSegment.mqh : information: including C:\Program Files\MetaTrader 5 EXNESS\MQL5\Include\Arrays\ArrayObj.mqh
C:\Program Files\MetaTrader 5 EXNESS\MQL5\Include\Arrays\ArrayObj.mqh : information: including C:\Program Files\MetaTrader 5 EXNESS\MQL5\Include\Arrays\Array.mqh
C:\Program Files\MetaTrader 5 EXNESS\MQL5\Include\Arrays\Array.mqh : information: including C:\Program Files\MetaTrader 5 EXNESS\MQL5\Include\Object.mqh
C:\Program Files\MetaTrader 5 EXNESS\MQL5\Include\Object.mqh : information: including C:\Program Files\MetaTrader 5 EXNESS\MQL5\Include\StdLibErr.mqh
TradeAnalyzer.mqh : information: including CommonUtils.mqh
CommonUtils.mqh : information: including EnumDefinitions.mqh
TradeAnalyzer.mqh : information: including LogUtil.mqh
TradeAnalyzer.mqh : information: including SupportResistancePoint.mqh
TradeAnalyzer.mqh : information: including DynamicPricePoint.mqh
TradeAnalyzer.mqh : information: including TradeBasePoint.mqh
TradeBasePoint.mqh : information: including ZigzagSegmentManager.mqh
TradeAnalyzer.mqh : information: including ConfigManager.mqh
Graphics\InfoPanelManager.mqh : information: including Strategies\StrategyManager.mqh
Strategies\StrategyManager.mqh : information: including Strategies\HighPositionStrategy.mqh
Strategies\StrategyManager.mqh : information: including Strategies\MidPositionStrategy.mqh
Strategies\StrategyManager.mqh : information: including Strategies\LowPositionStrategy.mqh
MyZigzag.mq5 : information: including Graphics\LabelManager.mqh
MyZigzag.mq5 : information: including Graphics\LineManager.mqh
MyZigzag.mq5 : information: including Graphics\ShapeManager.mqh
MyZigzag.mq5 : information: including Graphics\ExtremumPointDrawer.mqh
MyZigzag.mq5 : information: including Graphics\SegmentDrawer.mqh
ZigzagSegment.mqh(16,8) : warning 46: no #import declaration
(0,0) : warning 50: no indicator plot defined for indicator
 : information: generating code
 : information: generating code 3%
 : information: generating code 6%
 : information: generating code 9%
 : information: generating code 12%
 : information: generating code 15%
 : information: generating code 18%
 : information: generating code 21%
 : information: generating code 24%
 : information: generating code 27%
 : information: generating code 30%
 : information: generating code 33%
 : information: generating code 36%
 : information: generating code 39%
 : information: generating code 42%
 : information: generating code 45%
 : information: generating code 48%
 : information: generating code 51%
 : information: generating code 54%
 : information: generating code 57%
 : information: generating code 60%
 : information: generating code 63%
 : information: generating code 66%
 : information: generating code 69%
 : information: generating code 72%
 : information: generating code 75%
 : information: generating code 78%
 : information: generating code 81%
 : information: generating code 84%
 : information: generating code 87%
 : information: generating code 90%
 : information: generating code 93%
 : information: generating code 95%
 : information: generating code 100%
 : information: code generated
Result: 0 errors, 2 warnings, 2189 msec elapsed, cpu='X64 Regular'
